// Jest Snapshot v1, https://goo.gl/fbAQLP

exports[`Typography Rendered check the Descption Card title 1`] = `
<DocumentFragment>
  <div
    class="makeStyles-root-1"
    data-testid="divinlocationlistitem"
  >
    <li
      class="MuiListItem-root MuiListItem-gutters"
      data-testid="lisiteminlocationlistitem"
    >
      <div
        class="MuiListItemIcon-root"
        data-testid="listitemiconinlistitem"
      >
        <svg
          aria-hidden="true"
          class="MuiSvgIcon-root makeStyles-outlinedIcon-3"
          data-testid="roominlocationlistitem"
          focusable="false"
          viewBox="0 0 24 24"
        >
          <path
            d="M12 2C8.13 2 5 5.13 5 9c0 5.25 7 13 7 13s7-7.75 7-13c0-3.87-3.13-7-7-7zM7 9c0-2.76 2.24-5 5-5s5 2.24 5 5c0 2.88-2.88 7.19-5 9.88C9.92 16.21 7 11.85 7 9z"
          />
          <circle
            cx="12"
            cy="9"
            r="2.5"
          />
        </svg>
      </div>
      <h6
        class="MuiTypography-root makeStyles-typoStyle-2 MuiTypography-subtitle1"
        data-testid="locationnameinlocationlistitem"
      >
        hyd
      </h6>
    </li>
  </div>
</DocumentFragment>
`;
